SIMULATION COMPLETED!

SYSTEM THREADS:
    Total Count:                  3
    Avg. response time:       27.00
    Avg. turnaround time:     80.33

INTERACTIVE THREADS:
    Total Count:                  0
    Avg. response time:        0.00
    Avg. turnaround time:      0.00

NORMAL THREADS:
    Total Count:                  0
    Avg. response time:        0.00
    Avg. turnaround time:      0.00

BATCH THREADS:
    Total Count:                  0
    Avg. response time:        0.00
    Avg. turnaround time:      0.00

Total elapsed time:            120
Total service time:            120
Total I/O time:                  0
Total dispatch time:             0
Total idle time:                 0

CPU utilization:           100.00%
CPU efficiency:            100.00%

