SIMULATION COMPLETED!

SYSTEM THREADS:
    Total Count:                  5
    Avg. response time:        1.60
    Avg. turnaround time:      4.00

INTERACTIVE THREADS:
    Total Count:                  0
    Avg. response time:        0.00
    Avg. turnaround time:      0.00

NORMAL THREADS:
    Total Count:                  0
    Avg. response time:        0.00
    Avg. turnaround time:      0.00

BATCH THREADS:
    Total Count:                  0
    Avg. response time:        0.00
    Avg. turnaround time:      0.00

Total elapsed time:             12
Total service time:             12
Total I/O time:                  0
Total dispatch time:             0
Total idle time:                 0

CPU utilization:           100.00%
CPU efficiency:            100.00%

